<html>
<body>
<pre>
<h1>µVision Build Log</h1>
<h2>Tool Versions:</h2>
IDE-Version: ¦ÌVision V5.15
Copyright (C) 2015 ARM Ltd and ARM Germany GmbH. All rights reserved.
License Information: sky Sky123.Org, Sky123.Org, LIC=P6F63-A5JSF-NTD3G-V0HZ9-EFB8I-J7I5M
 
Tool Versions:
Toolchain:       MDK-ARM Professional  Version: 5.15.0
Toolchain Path:  D:\Keil_v515\ARM\ARMCC\Bin
C Compiler:      Armcc.exe V5.05 update 2 (build 169)
Assembler:       Armasm.exe V5.05 update 2 (build 169)
Linker/Locator:  ArmLink.exe V5.05 update 2 (build 169)
Library Manager: ArmAr.exe V5.05 update 2 (build 169)
Hex Converter:   FromElf.exe V5.05 update 2 (build 169)
CPU DLL:         SARMCM3.DLL V5.15.0
Dialog DLL:      DCM.DLL V1.13.2.0
Target DLL:      UL2CM3.DLL V1.155.8.0
Dialog DLL:      TCM.DLL V1.14.5.0
 
<h2>Project:</h2>
C:\Users\Administrator\Desktop\Open407I-C-Demo\uCOSII2.91+UCGUI3.90A\MDK_Project\Project.uvproj
Project File Date:  06/06/2012

<h2>Output:</h2>
*** Using Compiler 'V5.05 update 2 (build 169)', folder: 'D:\Keil_v515\ARM\ARMCC\Bin'
Build target 'Target 1'
compiling main.c...
compiling uctsk_Task.c...
compiling uctsk_OSView.c...
compiling stm32f4xx_it.c...
compiling TouchPanel.c...
assembling startup_stm32f4xx.s...
compiling system_stm32f4xx.c...
compiling misc.c...
compiling stm32f4xx_adc.c...
compiling stm32f4xx_can.c...
compiling stm32f4xx_crc.c...
compiling stm32f4xx_cryp.c...
compiling stm32f4xx_cryp_aes.c...
compiling stm32f4xx_cryp_des.c...
compiling stm32f4xx_cryp_tdes.c...
compiling stm32f4xx_dac.c...
compiling stm32f4xx_dbgmcu.c...
compiling stm32f4xx_dcmi.c...
compiling stm32f4xx_dma.c...
compiling stm32f4xx_exti.c...
compiling stm32f4xx_flash.c...
compiling stm32f4xx_fsmc.c...
compiling stm32f4xx_gpio.c...
compiling stm32f4xx_hash.c...
compiling stm32f4xx_hash_md5.c...
compiling stm32f4xx_hash_sha1.c...
compiling stm32f4xx_i2c.c...
compiling stm32f4xx_iwdg.c...
compiling stm32f4xx_pwr.c...
compiling stm32f4xx_rcc.c...
compiling stm32f4xx_rng.c...
compiling stm32f4xx_rtc.c...
compiling stm32f4xx_sdio.c...
compiling stm32f4xx_spi.c...
compiling stm32f4xx_syscfg.c...
compiling stm32f4xx_tim.c...
compiling stm32f4xx_usart.c...
compiling stm32f4xx_wwdg.c...
compiling os_cpu_c.c...
compiling os_dbg.c...
assembling os_cpu_a.asm...
compiling os_core.c...
compiling os_flag.c...
compiling os_mbox.c...
compiling os_mem.c...
compiling os_mutex.c...
compiling os_q.c...
compiling os_sem.c...
compiling os_task.c...
compiling os_time.c...
compiling os_tmr.c...
compiling OS_AppHooks.c...
compiling cpu_c.c...
assembling cpu_a.asm...
compiling lib_mem.c...
compiling lib_str.c...
assembling lib_mem_a.asm...
compiling os_view.c...
compiling os_viewc.c...
compiling GUI_X_uCOS.c...
compiling GUI_X_Touch.c...
compiling AsciiLib.c...
compiling GLCD.c...
compiling GLCD_UCGUI.c...
compiling GUIDEMO.c...
compiling GUIDEMO_Automotive.c...
compiling GUIDEMO_Bitmap4bpp.c...
compiling GUIDEMO_Bitmap.c...
compiling GUIDEMO_Circle.c...
compiling GUIDEMO_ColorBar.c...
compiling GUIDEMO_ColorList.c...
compiling GUIDEMO_Cursor.c...
compiling GUIDEMO_Dialog.c...
compiling GUIDEMO_Font.c...
compiling GUIDEMO_FrameWin.c...
compiling GUIDEMO_Graph.c...
compiling GUIDEMO_HardwareInfo.c...
compiling GUIDEMO_Intro.c...
compiling GUIDEMO_LUT.c...
compiling GUIDEMO_MemDevB.c...
compiling GUIDEMO_Messagebox.c...
compiling GUIDEMO_Navi.c...
compiling GUIDEMO_Polygon.c...
compiling GUIDEMO_ProgBar.c...
compiling GUIDEMO_Speed.c...
compiling GUIDEMO_Touch.c...
compiling GUIDEMO_WM.c...
compiling MainTask.c...
compiling MicriumLogo.c...
compiling MicriumLogoWRed.c...
linking...
Program Size: Code=98618 RO-data=142938 RW-data=1080 ZI-data=26512  
FromELF: creating hex file...
".\Out\Project.axf" - 0 Error(s), 0 Warning(s).
</pre>
</body>
</html>
