<html>
<body>
<pre>
<h1>µVision Build Log</h1>
<h2>Tool Versions:</h2>
IDE-Version: µVision V5.36.0.0
Copyright (C) 2021 ARM Ltd and ARM Germany GmbH. All rights reserved.
License Information: home vova, home, LIC=32B1Q-NLEPS-Z9VG9-40YFS-0PQ1R-09ZX7
 
Tool Versions:
Toolchain:       MDK-ARM Plus  Version: 5.36.0.0
Toolchain Path:  C:\Keil_v5\ARM\ARMCC\Bin
C Compiler:      Armcc.exe V5.06 update 7 (build 960)
Assembler:       Armasm.exe V5.06 update 7 (build 960)
Linker/Locator:  ArmLink.exe V5.06 update 7 (build 960)
Library Manager: ArmAr.exe V5.06 update 7 (build 960)
Hex Converter:   FromElf.exe V5.06 update 7 (build 960)
CPU DLL:         SARM.DLL V5.36.0.0
Dialog DLL:      DARMP3.DLL
Target DLL:      UL2ARM.DLL V1.74.14.0
Dialog DLL:      TARMP3.DLL V1.4.0.0
 
<h2>Project:</h2>
W:\proj\velograph\snail_w\video_USB\spl-separated\usb_cdc_video\usb_cdc_video.uvproj
Project File Date:  07/17/2023

<h2>Output:</h2>
*** Using Compiler 'V5.06 update 7 (build 960)', folder: 'C:\Keil_v5\ARM\ARMCC\Bin'
Rebuild target 'Product'
assembling uboot.s...
assembling mmu_a.s...
assembling spl.s...
assembling startup_F1C100s.s...
assembling ubox_a.s...
compiling mmu_c.c...
compiling sys-uart.c...
compiling Retarget.c...
compiling target_F1C100s.c...
compiling f1c100s-intc.c...
compiling clk-f1c100s-pll.c...
compiling f1c100s-uart.c...
compiling efx_main.c...
compiling reset-f1c100s.c...
compiling gpio-f1c100s.c...
compiling pwm-f1c100s.c...
compiling fb-f1c100s.c...
compiling f1c100s_clock.c...
..\periph\f1c100s_clock.c(18): warning:  #61-D: integer operation result is out of range
  			|(uint32_t)(0x1 << 31)));
..\periph\f1c100s_clock.c(23): warning:  #61-D: integer operation result is out of range
      write32(CCU_BASE + pll, (read32(CCU_BASE + pll) & ~(1 << 31)));
..\periph\f1c100s_clock.c(104): warning:  #61-D: integer operation result is out of range
      val &= (1 << 31) | (1 << 28);
..\periph\f1c100s_clock.c(131): warning:  #61-D: integer operation result is out of range
      val &= (1 << 31) | (1 << 28);
..\periph\f1c100s_clock.c(157): warning:  #61-D: integer operation result is out of range
      val &= (1 << 31) | (1 << 28);
..\periph\f1c100s_clock.c(189): warning:  #61-D: integer operation result is out of range
      val &= (1 << 31) | (1 << 28);
..\periph\f1c100s_clock.c(232): warning:  #188-D: enumerated type mixed with another type
      clk_source_cpu_e src = (read32(CCU_BASE + CCU_CPU_CFG) >> 16) & 0x3;
..\periph\f1c100s_clock.c(273): warning:  #188-D: enumerated type mixed with another type
      clk_source_ahb_e src = (read32(CCU_BASE + CCU_AHB_APB_CFG) >> 12) & 0x3;
..\periph\f1c100s_clock.c(301): warning:  #188-D: enumerated type mixed with another type
      clk_div_apb_e div = (read32(CCU_BASE + CCU_AHB_APB_CFG) >> 8) & 0x3;
..\periph\f1c100s_clock.c(346): warning:  #61-D: integer operation result is out of range
      uint32_t reg_val = (uint32_t)(1 << 31);
..\periph\f1c100s_clock.c: 10 warnings, 0 errors
compiling RTX_Conf_F1C100s.c...
compiling f1c100s_tvd.c...
compiling f1c100s_pwm.c...
..\periph\f1c100s_pwm.c(14): warning:  #61-D: integer operation result is out of range
      uint32_t temp = read32(reg) &((uint32_t) ~(0xFFFF << 16));
..\periph\f1c100s_pwm.c: 1 warning, 0 errors
compiling f1c100s_de.c...
..\periph\f1c100s_de.c(125): warning:  #61-D: integer operation result is out of range
      uint32_t val = read32(DEBE_BASE + DEBE_LAY_ATTR0 + layer * 4) & ~(0xFF << 24);
..\periph\f1c100s_de.c(283): warning:  #61-D: integer operation result is out of range
          set32(TCON_BASE + TCON0_CTRL, (1 << 31));
..\periph\f1c100s_de.c(283): warning:  #68-D: integer conversion resulted in a change of sign
          set32(TCON_BASE + TCON0_CTRL, (1 << 31));
..\periph\f1c100s_de.c(285): warning:  #61-D: integer operation result is out of range
          set32(TCON_BASE + TCON1_CTRL, (1 << 31));
..\periph\f1c100s_de.c(285): warning:  #68-D: integer conversion resulted in a change of sign
          set32(TCON_BASE + TCON1_CTRL, (1 << 31));
..\periph\f1c100s_de.c(288): warning:  #61-D: integer operation result is out of range
      set32(TCON_BASE + TCON_CTRL, (1 << 31));
..\periph\f1c100s_de.c(288): warning:  #68-D: integer conversion resulted in a change of sign
      set32(TCON_BASE + TCON_CTRL, (1 << 31));
..\periph\f1c100s_de.c(296): warning:  #61-D: integer operation result is out of range
      clear32(TCON_BASE + TCON_CTRL, (1 << 31));
..\periph\f1c100s_de.c(309): warning:  #61-D: integer operation result is out of range
      set32(DEFE_BASE + DEFE_EN, (1 << 31)); // Enable CPU access
..\periph\f1c100s_de.c(309): warning:  #68-D: integer conversion resulted in a change of sign
      set32(DEFE_BASE + DEFE_EN, (1 << 31)); // Enable CPU access
..\periph\f1c100s_de.c(325): warning:  #2532-D: support for trigraphs is disabled
          write32(DEFE_BASE + DEFE_V_FACT, (2 << 16)); // V scale: 1/2 (??)
..\periph\f1c100s_de.c(335): warning:  #223-D: function "printf" declared implicitly
  		printf("DEFE_WB_ADDR: [%x][%x]\n",(uint32_t)frame_buffer,tmpbuff[5]);
..\periph\f1c100s_de.c(358): warning:  #61-D: integer operation result is out of range
      clear32(DEFE_BASE + DEFE_EN, (1 << 31)); // Disable CPU access (?)
..\periph\f1c100s_de.c(373): warning:  #61-D: integer operation result is out of range
      write32(TCON_BASE + TCON0_DCLK, (0xf << 28) | (val << 0));
..\periph\f1c100s_de.c(373): warning:  #68-D: integer conversion resulted in a change of sign
      write32(TCON_BASE + TCON0_DCLK, (0xf << 28) | (val << 0));
..\periph\f1c100s_de.c(415): warning:  #61-D: integer operation result is out of range
      write32(TCON_BASE + TCON_FRM_CTRL, (params->bus_width << 4) | (1 << 31));
..\periph\f1c100s_de.c(415): warning:  #68-D: integer conversion resulted in a change of sign
      write32(TCON_BASE + TCON_FRM_CTRL, (params->bus_width << 4) | (1 << 31));
..\periph\f1c100s_de.c(465): warning:  #61-D: integer operation result is out of range
      write32(DEBE_BASE + TCON0_DCLK, (0xF << 28));
..\periph\f1c100s_de.c(465): warning:  #68-D: integer conversion resulted in a change of sign
      write32(DEBE_BASE + TCON0_DCLK, (0xF << 28));
..\periph\f1c100s_de.c: 19 warnings, 0 errors
compiling f1c100s_gpio.c...
compiling f1c100s_tve.c...
compiling tvd_dev.c...
..\periph\tvd_dev.c(39): warning:  #223-D: function "tvd_irq_status_clear" declared implicitly
  	tvd_irq_status_clear(tvd_id,TVD_FRAME_DONE);
..\periph\tvd_dev.c(53): warning:  #223-D: function "f1c100s_intc_set_isr" declared implicitly
    f1c100s_intc_set_isr(IRQ_TVD, tvd_irq_handle);
..\periph\tvd_dev.c(54): warning:  #223-D: function "f1c100s_intc_enable_irq" declared implicitly
    f1c100s_intc_enable_irq(IRQ_TVD);
..\periph\tvd_dev.c(58): warning:  #223-D: function "tvd_bsp_init" declared implicitly
  	tvd_bsp_init(0);//bsp init like open clk ,reset ...
..\periph\tvd_dev.c(60): warning:  #223-D: function "tvd_config" declared implicitly
  	tvd_config(TVD_SOURCE_CVBS,TVD_SOURCE_PAL,TVD_PL_YUV420);
..\periph\tvd_dev.c(63): warning:  #223-D: function "tvd_set_fmt" declared implicitly
  	tvd_set_fmt(id,TVD_PL_YUV420);
..\periph\tvd_dev.c(65): warning:  #223-D: function "tvd_set_addr_y" declared implicitly
  	tvd_set_addr_y(id,tvd_y_buf);
..\periph\tvd_dev.c(66): warning:  #223-D: function "tvd_set_addr_c" declared implicitly
  	tvd_set_addr_c(id,tvd_c_buf);
..\periph\tvd_dev.c(67): warning:  #223-D: function "tvd_set_blue_flag" declared implicitly
  	tvd_set_blue_flag(0);
..\periph\tvd_dev.c(69): warning:  #223-D: function "tvd_irq_status_clear" declared implicitly
  	tvd_irq_status_clear(id,TVD_FRAME_DONE);
..\periph\tvd_dev.c(75): warning:  #223-D: function "tvd_capture_on" declared implicitly
  	tvd_capture_on(id);
..\periph\tvd_dev.c: 11 warnings, 0 errors
compiling tvd_phy.c...
compiling usb_desc.c...
compiling video_task.c...
compiling usbd_control.c...
compiling usrentry.c...
compiling tusb.c...
compiling cdc_device.c...
compiling lcd_task.c...
compiling tusb_fifo.c...
compiling display.c...
compiling usbd.c...
compiling lcd.c...
compiling lcd_font.c...
compiling dcd_sunxi_musb.c...
compiling printf.c...
compiling video_device.c...
linking...
Program Size: Code=91160 RO-data=18148 RW-data=164 ZI-data=8789696  
After Build - User command #1: fromelf --bincombined --output="W:\proj\velograph\snail_w\video_USB\spl-separated\usb_cdc_video\output\spl-separated.bin" .\Temp\Obj\spl-separated.axf
After Build - User command #2: W:\proj\velograph\snail_w\video_USB\spl-separated\usb_cdc_video\output\postscript.bat spl-separated.bin
====== uboot head added ======
The bootloader head has been fixed, spl size is 7168 bytes.
".\Temp\Obj\spl-separated.axf" - 0 Error(s), 41 Warning(s).
Build Time Elapsed:  00:00:04
</pre>
</body>
</html>
