<html>
<body>
<pre>
<h1>µVision Build Log</h1>
<h2>Tool Versions:</h2>
IDE-Version: µVision V5.36.0.0
Copyright (C) 2021 ARM Ltd and ARM Germany GmbH. All rights reserved.
License Information: home vova, home, LIC=32B1Q-NLEPS-Z9VG9-40YFS-0PQ1R-09ZX7
 
Tool Versions:
Toolchain:       MDK-ARM Plus  Version: 5.36.0.0
Toolchain Path:  C:\Keil_v5\ARM\ARMCC\Bin
C Compiler:      Armcc.exe V5.06 update 7 (build 960)
Assembler:       Armasm.exe V5.06 update 7 (build 960)
Linker/Locator:  ArmLink.exe V5.06 update 7 (build 960)
Library Manager: ArmAr.exe V5.06 update 7 (build 960)
Hex Converter:   FromElf.exe V5.06 update 7 (build 960)
CPU DLL:         SARM.DLL V5.36.0.0
Dialog DLL:      DARMP3.DLL
Target DLL:      UL2ARM.DLL V1.74.14.0
Dialog DLL:      TARMP3.DLL V1.4.0.0
 
<h2>Project:</h2>
D:\proj\velograph\snail_w\video_USB\spl-separated\usb_cdc_video\usb_cdc_video.uvproj
Project File Date:  08/12/2023

<h2>Output:</h2>
*** Using Compiler 'V5.06 update 7 (build 960)', folder: 'C:\Keil_v5\ARM\ARMCC\Bin'
Rebuild target 'Product'
assembling spl.s...
compiling sys-uart.c...
assembling mmu_a.s...
assembling uboot.s...
compiling f1c100s-intc.c...
compiling mmu_c.c...
assembling startup_F1C100s.s...
compiling f1c100s-uart.c...
assembling ubox_a.s...
compiling Retarget.c...
compiling target_F1C100s.c...
compiling efx_main.c...
compiling clk-f1c100s-pll.c...
compiling pwm-f1c100s.c...
compiling reset-f1c100s.c...
compiling gpio-f1c100s.c...
compiling f1c100s_tvd.c...
compiling f1c100s_pwm.c...
compiling f1c100s_tve.c...
compiling f1c100s_gpio.c...
compiling f1c100s_clock.c...
compiling f1c100s_de.c...
compiling tvd_dev.c...
compiling fb-f1c100s.c...
compiling RTX_Conf_F1C100s.c...
compiling usb_desc.c...
compiling tvd_phy.c...
compiling misc.c...
users\misc.c(42): warning:  #177-D: variable "btst"  was declared but never referenced
  uint8_t btst=0;	
users\misc.c: 1 warning, 0 errors
compiling lcd_task.c...
compiling usrentry.c...
compiling video_task.c...
compiling usbd_control.c...
compiling cdc_device.c...
compiling tusb.c...
compiling display.c...
compiling tusb_fifo.c...
compiling lcd_font.c...
compiling usbd.c...
compiling lcd.c...
compiling dcd_sunxi_musb.c...
compiling video_device.c...
compiling printf.c...
linking...
Program Size: Code=91496 RO-data=18148 RW-data=164 ZI-data=7130832  
After Build - User command #1: fromelf --bincombined --output="D:\proj\velograph\snail_w\video_USB\spl-separated\usb_cdc_video\output\spl-separated.bin" .\Temp\Obj\spl-separated.axf
After Build - User command #2: D:\proj\velograph\snail_w\video_USB\spl-separated\usb_cdc_video\output\postscript.bat spl-separated.bin
====== uboot head added ======
The bootloader head has been fixed, spl size is 7168 bytes.
".\Temp\Obj\spl-separated.axf" - 0 Error(s), 1 Warning(s).
Build Time Elapsed:  00:00:02
</pre>
</body>
</html>
