<html>
<body>
<pre>
<h1>µVision Build Log</h1>
<h2>Tool Versions:</h2>
IDE-Version: ¦ÌVision V5.15
Copyright (C) 2015 ARM Ltd and ARM Germany GmbH. All rights reserved.
License Information: sky Sky123.Org, Sky123.Org, LIC=P6F63-A5JSF-NTD3G-V0HZ9-EFB8I-J7I5M
 
Tool Versions:
Toolchain:       MDK-ARM Professional  Version: 5.15.0
Toolchain Path:  D:\Keil_v515\ARM\ARMCC\Bin
C Compiler:      Armcc.exe V5.05 update 2 (build 169)
Assembler:       Armasm.exe V5.05 update 2 (build 169)
Linker/Locator:  ArmLink.exe V5.05 update 2 (build 169)
Library Manager: ArmAr.exe V5.05 update 2 (build 169)
Hex Converter:   FromElf.exe V5.05 update 2 (build 169)
CPU DLL:         SARMCM3.DLL V5.15.0
Dialog DLL:      DCM.DLL V1.13.2.0
Target DLL:      UL2CM3.DLL V1.155.8.0
Dialog DLL:      TCM.DLL V1.14.5.0
 
<h2>Project:</h2>
C:\Users\Administrator\Desktop\Open407I-C-Demo\USB FS Examples\Project\USB_Host_Device_Examples\DRD\MDK-ARM\USB_Host_device.uvproj
Project File Date:  08/07/2012

<h2>Output:</h2>
*** Using Compiler 'V5.05 update 2 (build 169)', folder: 'D:\Keil_v515\ARM\ARMCC\Bin'
Build target 'Open407I'
compiling stm32fxxx_it.c...
compiling usb_bsp.c...
compiling usbd_usr.c...
compiling dual_func_demo.c...
compiling main.c...
compiling usbd_storage_msd.c...
compiling usbh_msc_usr.c...
compiling usbd_desc.c...
compiling misc.c...
compiling usb_dcd_int.c...
compiling usb_core.c...
compiling usb_dcd.c...
compiling usb_hcd_int.c...
compiling usb_hcd.c...
compiling usbd_req.c...
compiling usbd_core.c...
compiling usbd_ioreq.c...
compiling usbd_msc_scsi.c...
compiling usbd_msc_bot.c...
compiling usbd_msc_core.c...
compiling usbd_msc_data.c...
compiling usbh_msc_scsi.c...
compiling usbh_msc_bot.c...
compiling usbh_msc_core.c...
compiling usbh_msc_fatfs.c...
compiling usbh_stdreq.c...
compiling usbh_core.c...
compiling usbh_hcs.c...
compiling usbh_ioreq.c...
compiling lcd_log.c...
assembling startup_stm32f4xx.s...
compiling system_stm32f4xx.c...
compiling stm32f4xx_usart.c...
compiling stm32f4xx_dma.c...
compiling stm32f4xx_exti.c...
compiling stm32f4xx_flash.c...
compiling stm32f4xx_fsmc.c...
compiling stm32f4xx_gpio.c...
compiling stm32f4xx_i2c.c...
compiling stm32f4xx_pwr.c...
compiling stm32f4xx_rcc.c...
compiling stm32f4xx_sdio.c...
compiling stm32f4xx_spi.c...
compiling stm32f4xx_syscfg.c...
compiling stm32f4xx_tim.c...
compiling stm324xg_eval_sdio_sd.c...
compiling stm324xg_eval.c...
compiling stm324xg_eval_lcd.c...
compiling stm324xg_eval_Key.c...
compiling ff.c...
compiling fattime.c...
linking...
Program Size: Code=39180 RO-data=10536 RW-data=740 ZI-data=11940  
FromELF: creating hex file...
".\STM324xG-EVAL\STM324xG-EVAL_FS.axf" - 0 Error(s), 0 Warning(s).
</pre>
</body>
</html>
