<html>
<body>
<pre>
<h1>µVision Build Log</h1>
<h2>Tool Versions:</h2>
IDE-Version: ¦ÌVision V5.15
Copyright (C) 2015 ARM Ltd and ARM Germany GmbH. All rights reserved.
License Information: sky Sky123.Org, Sky123.Org, LIC=P6F63-A5JSF-NTD3G-V0HZ9-EFB8I-J7I5M
 
Tool Versions:
Toolchain:       MDK-ARM Professional  Version: 5.15.0
Toolchain Path:  D:\Keil_v515\ARM\ARMCC\Bin
C Compiler:      Armcc.exe V5.05 update 2 (build 169)
Assembler:       Armasm.exe V5.05 update 2 (build 169)
Linker/Locator:  ArmLink.exe V5.05 update 2 (build 169)
Library Manager: ArmAr.exe V5.05 update 2 (build 169)
Hex Converter:   FromElf.exe V5.05 update 2 (build 169)
CPU DLL:         SARMCM3.DLL V5.15.0
Dialog DLL:      DCM.DLL V1.13.2.0
Target DLL:      UL2CM3.DLL V1.155.8.0
Dialog DLL:      TCM.DLL V1.14.5.0
 
<h2>Project:</h2>
C:\Users\Administrator\Desktop\Open407I-C-Demo\LCD\Project\Project.uvproj
Project File Date:  08/02/2012

<h2>Output:</h2>
*** Using Compiler 'V5.05 update 2 (build 169)', folder: 'D:\Keil_v515\ARM\ARMCC\Bin'
Build target 'Open407I'
compiling main.c...
compiling usart.c...
compiling LCD.c...
..\User\LCD\LCD.c(222): warning:  #177-D: variable "index" was declared but never referenced
        uint32_t index=0;
..\User\LCD\LCD.c(1024): warning:  #177-D: variable "temp" was declared but never referenced
        uint16_t temp;  
..\User\LCD\LCD.c: 2 warnings, 0 errors
compiling AsciiLib.c...
compiling stm32f4xx_it.c...
assembling startup_stm32f4xx.s...
compiling misc.c...
compiling stm32f4xx_fsmc.c...
compiling stm32f4xx_gpio.c...
compiling stm32f4xx_rcc.c...
compiling stm32f4xx_usart.c...
compiling system_stm32f4xx.c...
linking...
Program Size: Code=12190 RO-data=1946 RW-data=44 ZI-data=1636  
FromELF: creating hex file...
".\Output\Project.axf" - 0 Error(s), 2 Warning(s).
</pre>
</body>
</html>
